Modules list:
-------------
acia.o:
lcd.o:
    LCD_CODE          Offs=000000  Size=0000DD  Align=00001  Fill=0000
main.o:
    CODE              Offs=000000  Size=00015A  Align=00001  Fill=0000
    MAIN_RAM          Offs=000000  Size=000003  Align=00001  Fill=0000
reset_interrupt.o:
    VECTORS           Offs=000000  Size=000006  Align=00001  Fill=0000
spi.o:
    SPI_CODE          Offs=000000  Size=00003E  Align=00001  Fill=0000
util.o:
    UTIL_CODE         Offs=000000  Size=00003D  Align=00001  Fill=0000
via.o:
    VIA_CODE          Offs=000000  Size=00000A  Align=00001  Fill=0000
wozmon.o:
    WOZ_PAGEZERO      Offs=000000  Size=000008  Align=00001  Fill=0000
    WOZ_RAM           Offs=000000  Size=00007F  Align=00001  Fill=0000
    WOZ_CODE          Offs=000000  Size=0000FA  Align=00001  Fill=0000


Segment list:
-------------
Name                   Start     End    Size  Align
----------------------------------------------------
WOZ_PAGEZERO          000000  000007  000008  00001
MAIN_RAM              000300  000302  000003  00001
WOZ_RAM               000303  000381  00007F  00001
CODE                  008000  008159  00015A  00001
VIA_CODE              00815A  008163  00000A  00001
LCD_CODE              008164  008240  0000DD  00001
SPI_CODE              008241  00827E  00003E  00001
WOZ_CODE              00827F  008378  0000FA  00001
UTIL_CODE             008379  0083B5  00003D  00001
VECTORS               00FFFA  00FFFF  000006  00001


Exports list by name:
---------------------
ACIA_CMD                  000212 REA    ACIA_CTRL                 000213 REA    
ACIA_DATA                 000210 REA    ACIA_STATUS               000211 REA    
VIA1_ACR                  00020B REA    VIA1_DDRB                 000202 REA    
VIA1_IER                  00020E REA    VIA1_PORTA                000201 REA    
VIA1_PORTB                000200 REA    VIA1_T1CH                 000205 REA    
VIA1_T1CL                 000204 REA    VIA1_T1LL                 000206 REA    
__ACIA1_START__           000210 RLA    __VIA1_START__            000200 RLA    
delay_ms_10               008379 RLA    delay_ms_50               00837E RLA    
interrupt                 008050 RLA    lcd_init                  008164 RLA    
lcd_instruction           008196 RLA    lcd_print_hex             0081BE RLA    
lcd_send_byte             0081A8 RLA    reset                     008000 RLA    
util_joinnibbles          0083A4 RLA    via_init                  00815A RLA    



Exports list by value:
----------------------
VIA1_PORTB                000200 REA    __VIA1_START__            000200 RLA    
VIA1_PORTA                000201 REA    VIA1_DDRB                 000202 REA    
VIA1_T1CL                 000204 REA    VIA1_T1CH                 000205 REA    
VIA1_T1LL                 000206 REA    VIA1_ACR                  00020B REA    
VIA1_IER                  00020E REA    ACIA_DATA                 000210 REA    
__ACIA1_START__           000210 RLA    ACIA_STATUS               000211 REA    
ACIA_CMD                  000212 REA    ACIA_CTRL                 000213 REA    
reset                     008000 RLA    interrupt                 008050 RLA    
via_init                  00815A RLA    lcd_init                  008164 RLA    
lcd_instruction           008196 RLA    lcd_send_byte             0081A8 RLA    
lcd_print_hex             0081BE RLA    delay_ms_10               008379 RLA    
delay_ms_50               00837E RLA    util_joinnibbles          0083A4 RLA    



Imports list:
-------------
ACIA_CMD (acia.o):
    wozmon.o                  source/acia.inc(3)
ACIA_CTRL (acia.o):
    wozmon.o                  source/acia.inc(4)
ACIA_DATA (acia.o):
    wozmon.o                  source/acia.inc(1)
ACIA_STATUS (acia.o):
    wozmon.o                  source/acia.inc(2)
VIA1_ACR (via.o):
    main.o                    source/via.inc(15)
VIA1_DDRB (via.o):
    spi.o                     source/via.inc(4)
    lcd.o                     source/via.inc(4)
VIA1_IER (via.o):
    main.o                    source/via.inc(18)
VIA1_PORTA (via.o):
    spi.o                     source/via.inc(7)
VIA1_PORTB (via.o):
    lcd.o                     source/via.inc(5)
VIA1_T1CH (via.o):
    main.o                    source/via.inc(9)
VIA1_T1CL (via.o):
    main.o                    source/via.inc(8)
VIA1_T1LL (via.o):
    main.o                    source/via.inc(10)
__ACIA1_START__ ([linker generated]):
    acia.o                    source/acia.s(1)
__VIA1_START__ ([linker generated]):
    via.o                     source/via.s(7)
delay_ms_10 (util.o):
    lcd.o                     source/util.inc(5)
delay_ms_50 (util.o):
    lcd.o                     source/util.inc(4)
interrupt (main.o):
    reset_interrupt.o         source/main.inc(1)
lcd_init (lcd.o):
    main.o                    source/lcd.inc(5)
lcd_instruction (lcd.o):
    main.o                    source/lcd.inc(4)
lcd_print_hex (lcd.o):
    main.o                    source/lcd.inc(7)
lcd_send_byte (lcd.o):
    main.o                    source/lcd.inc(6)
reset (main.o):
    reset_interrupt.o         source/main.inc(2)
util_joinnibbles (util.o):
    lcd.o                     source/util.inc(6)
via_init (via.o):
    main.o                    source/via.inc(21)

