Modules list:
-------------
acia.o:
lcd.o:
    LCD_RAM           Offs=000000  Size=000001  Align=00001  Fill=0000
    LCD_PAGEZERO      Offs=000000  Size=000002  Align=00001  Fill=0000
    LCD_CODE          Offs=000000  Size=0000E4  Align=00001  Fill=0000
main.o:
    CODE              Offs=000000  Size=0000A1  Align=00001  Fill=0000
    MAIN_RAM          Offs=000000  Size=000002  Align=00001  Fill=0000
reset_interrupt.o:
    VECTORS           Offs=000000  Size=000006  Align=00001  Fill=0000
spi.o:
    SPI_CODE          Offs=000000  Size=00003E  Align=00001  Fill=0000
via.o:
wozmon.o:
    WOZ_PAGEZERO      Offs=000000  Size=000008  Align=00001  Fill=0000
    WOZ_RAM           Offs=000000  Size=00007F  Align=00001  Fill=0000
    WOZ_CODE          Offs=000000  Size=0000FA  Align=00001  Fill=0000


Segment list:
-------------
Name                   Start     End    Size  Align
----------------------------------------------------
LCD_PAGEZERO          000000  000001  000002  00001
WOZ_PAGEZERO          000002  000009  000008  00001
LCD_RAM               000200  000200  000001  00001
MAIN_RAM              000201  000202  000002  00001
WOZ_RAM               000203  000281  00007F  00001
CODE                  008000  0080A0  0000A1  00001
LCD_CODE              0080A1  008184  0000E4  00001
SPI_CODE              008185  0081C2  00003E  00001
WOZ_CODE              0081C3  0082BC  0000FA  00001
VECTORS               00FFFA  00FFFF  000006  00001


Exports list by name:
---------------------
ACIA_CMD                  004402 REA    ACIA_CTRL                 004403 REA    
ACIA_DATA                 004400 REA    ACIA_STATUS               004401 REA    
LCD_ADDR_ZP               000000 RLZ    VIA1_DDRB                 006002 REA    
VIA1_PORTA                006001 REA    VIA1_PORTB                006000 REA    
__ACIA1_START__           004400 RLA    __CODE_LOAD__             008000 RLA    
__VIA1_START__            006000 RLA    lcd_init                  0080A1 RLA    
lcd_instruction           0080BE RLA    lcd_load_custom_character 008159 RLA    
lcd_print_asciiz_ZP       008147 RLA    lcd_print_hex             00812C RLA    
lcd_send_byte             008120 RLA    


Exports list by value:
----------------------
LCD_ADDR_ZP               000000 RLZ    ACIA_DATA                 004400 REA    
__ACIA1_START__           004400 RLA    ACIA_STATUS               004401 REA    
ACIA_CMD                  004402 REA    ACIA_CTRL                 004403 REA    
VIA1_PORTB                006000 REA    __VIA1_START__            006000 RLA    
VIA1_PORTA                006001 REA    VIA1_DDRB                 006002 REA    
__CODE_LOAD__             008000 RLA    lcd_init                  0080A1 RLA    
lcd_instruction           0080BE RLA    lcd_send_byte             008120 RLA    
lcd_print_hex             00812C RLA    lcd_print_asciiz_ZP       008147 RLA    
lcd_load_custom_character 008159 RLA    


Imports list:
-------------
ACIA_CMD (acia.o):
    wozmon.o                  source/acia.inc(3)
ACIA_CTRL (acia.o):
    wozmon.o                  source/acia.inc(4)
ACIA_DATA (acia.o):
    wozmon.o                  source/acia.inc(1)
ACIA_STATUS (acia.o):
    wozmon.o                  source/acia.inc(2)
LCD_ADDR_ZP (lcd.o):
    main.o                    source/lcd.inc(11)
VIA1_DDRB (via.o):
    spi.o                     source/via.inc(4)
    main.o                    source/via.inc(4)
    lcd.o                     source/via.inc(4)
VIA1_PORTA (via.o):
    spi.o                     source/via.inc(7)
VIA1_PORTB (via.o):
    lcd.o                     source/via.inc(5)
__ACIA1_START__ ([linker generated]):
    acia.o                    source/acia.s(1)
__CODE_LOAD__ ([linker generated]):
    reset_interrupt.o         source/reset_interrupt.s(6)
__VIA1_START__ ([linker generated]):
    via.o                     source/via.s(7)
lcd_init (lcd.o):
    main.o                    source/lcd.inc(5)
lcd_instruction (lcd.o):
    main.o                    source/lcd.inc(4)
lcd_load_custom_character (lcd.o):
    main.o                    source/lcd.inc(6)
lcd_print_asciiz_ZP (lcd.o):
    main.o                    source/lcd.inc(7)
lcd_print_hex (lcd.o):
    main.o                    source/lcd.inc(9)
lcd_send_byte (lcd.o):
    main.o                    source/lcd.inc(8)

