Modules list:
-------------
lcd.o:
    LCD_PAGEZERO      Offs=000000  Size=000001  Align=00001  Fill=0000
    LCD_CODE          Offs=000000  Size=0000AA  Align=00001  Fill=0000
main.o:
    CODE              Offs=000000  Size=000086  Align=00001  Fill=0000
    MAIN_RAM          Offs=000000  Size=000001  Align=00001  Fill=0000
reset_interrupt.o:
    VECTORS           Offs=000000  Size=000006  Align=00001  Fill=0000
via.o:


Segment list:
-------------
Name                   Start     End    Size  Align
----------------------------------------------------
LCD_PAGEZERO          000000  000000  000001  00001
MAIN_RAM              000200  000200  000001  00001
CODE                  008000  008085  000086  00001
LCD_CODE              008086  00812F  0000AA  00001
VECTORS               00FFFA  00FFFF  000006  00001


Exports list by name:
---------------------
VIA_DDRB                  006002 REA    VIA_PORTB                 006000 REA    
__CODE_LOAD__             008000 RLA    __VIA_START__             006000 RLA    
lcd_init                  008086 RLA    lcd_instruction           008099 RLA    
lcd_print_char            0080FB RLA    lcd_print_hex             008105 RLA    



Exports list by value:
----------------------
VIA_PORTB                 006000 REA    __VIA_START__             006000 RLA    
VIA_DDRB                  006002 REA    __CODE_LOAD__             008000 RLA    
lcd_init                  008086 RLA    lcd_instruction           008099 RLA    
lcd_print_char            0080FB RLA    lcd_print_hex             008105 RLA    



Imports list:
-------------
VIA_DDRB (via.o):
    main.o                    source/via.inc(4)
    lcd.o                     source/via.inc(4)
VIA_PORTB (via.o):
    lcd.o                     source/via.inc(5)
__CODE_LOAD__ ([linker generated]):
    reset_interrupt.o         source/reset_interrupt.s(6)
__VIA_START__ ([linker generated]):
    via.o                     source/via.s(7)
lcd_init (lcd.o):
    main.o                    source/lcd.inc(5)
lcd_instruction (lcd.o):
    main.o                    source/lcd.inc(4)
lcd_print_char (lcd.o):
    main.o                    source/lcd.inc(6)
lcd_print_hex (lcd.o):
    main.o                    source/lcd.inc(7)

