Modules list:
-------------
acia.o:
lcd.o:
    LCD_PAGEZERO      Offs=000000  Size=000002  Align=00001  Fill=0000
    LCD_CODE          Offs=000000  Size=000111  Align=00001  Fill=0000
main.o:
    CODE              Offs=000000  Size=00007F  Align=00001  Fill=0000
reset_interrupt.o:
    VECTORS           Offs=000000  Size=000006  Align=00001  Fill=0000
spi.o:
    SPI_CODE          Offs=000000  Size=00003E  Align=00001  Fill=0000
util.o:
    UTIL_CODE         Offs=000000  Size=000042  Align=00001  Fill=0000
via.o:
    VIA_CODE          Offs=000000  Size=00000A  Align=00001  Fill=0000
wozmon.o:
    WOZ_PAGEZERO      Offs=000000  Size=000008  Align=00001  Fill=0000
    WOZ_RAM           Offs=000000  Size=00007F  Align=00001  Fill=0000
    WOZ_CODE          Offs=000000  Size=0000FA  Align=00001  Fill=0000


Segment list:
-------------
Name                   Start     End    Size  Align
----------------------------------------------------
LCD_PAGEZERO          000000  000001  000002  00001
WOZ_PAGEZERO          000002  000009  000008  00001
WOZ_RAM               000300  00037E  00007F  00001
CODE                  008000  00807E  00007F  00001
VIA_CODE              00807F  008088  00000A  00001
LCD_CODE              008089  008199  000111  00001
SPI_CODE              00819A  0081D7  00003E  00001
WOZ_CODE              0081D8  0082D1  0000FA  00001
UTIL_CODE             0082D2  008313  000042  00001
VECTORS               00FFFA  00FFFF  000006  00001


Exports list by name:
---------------------
ACIA_CMD                  000212 REA    ACIA_CTRL                 000213 REA    
ACIA_DATA                 000210 REA    ACIA_STATUS               000211 REA    
LCD_ADDR_ZP               000000 RLZ    VIA1_DDRB                 000202 REA    
VIA1_PORTA                000201 REA    VIA1_PORTB                000200 REA    
__ACIA1_START__           000210 RLA    __CODE_LOAD__             008000 RLA    
__VIA1_START__            000200 RLA    delay_ms_10               0082D2 RLA    
delay_ms_100              0082F2 RLA    delay_ms_1000             008309 RLA    
delay_ms_50               0082E2 RLA    lcd_init_4bit             008089 RLA    
lcd_instruction           0080D9 RLA    lcd_load_custom_character 00812F RLA    
lcd_print_asciiz_ZP       00811D RLA    lcd_print_hex             008102 RLA    
lcd_send_byte             0080FD RLA    via_init                  00807F RLA    



Exports list by value:
----------------------
LCD_ADDR_ZP               000000 RLZ    VIA1_PORTB                000200 REA    
__VIA1_START__            000200 RLA    VIA1_PORTA                000201 REA    
VIA1_DDRB                 000202 REA    ACIA_DATA                 000210 REA    
__ACIA1_START__           000210 RLA    ACIA_STATUS               000211 REA    
ACIA_CMD                  000212 REA    ACIA_CTRL                 000213 REA    
__CODE_LOAD__             008000 RLA    via_init                  00807F RLA    
lcd_init_4bit             008089 RLA    lcd_instruction           0080D9 RLA    
lcd_send_byte             0080FD RLA    lcd_print_hex             008102 RLA    
lcd_print_asciiz_ZP       00811D RLA    lcd_load_custom_character 00812F RLA    
delay_ms_10               0082D2 RLA    delay_ms_50               0082E2 RLA    
delay_ms_100              0082F2 RLA    delay_ms_1000             008309 RLA    



Imports list:
-------------
ACIA_CMD (acia.o):
    wozmon.o                  source/acia.inc(3)
ACIA_CTRL (acia.o):
    wozmon.o                  source/acia.inc(4)
ACIA_DATA (acia.o):
    wozmon.o                  source/acia.inc(1)
ACIA_STATUS (acia.o):
    wozmon.o                  source/acia.inc(2)
LCD_ADDR_ZP (lcd.o):
    main.o                    source/lcd.inc(11)
VIA1_DDRB (via.o):
    spi.o                     source/via.inc(4)
    lcd.o                     source/via.inc(4)
VIA1_PORTA (via.o):
    spi.o                     source/via.inc(7)
VIA1_PORTB (via.o):
    lcd.o                     source/via.inc(5)
__ACIA1_START__ ([linker generated]):
    acia.o                    source/acia.s(1)
__CODE_LOAD__ ([linker generated]):
    reset_interrupt.o         source/reset_interrupt.s(6)
__VIA1_START__ ([linker generated]):
    via.o                     source/via.s(7)
delay_ms_10 (util.o):
    main.o                    source/util.inc(5)
    lcd.o                     source/util.inc(5)
delay_ms_100 (util.o):
    main.o                    source/util.inc(3)
    lcd.o                     source/util.inc(3)
delay_ms_1000 (util.o):
    main.o                    source/util.inc(1)
delay_ms_50 (util.o):
    lcd.o                     source/util.inc(4)
lcd_init_4bit (lcd.o):
    main.o                    source/lcd.inc(5)
lcd_instruction (lcd.o):
    main.o                    source/lcd.inc(4)
lcd_load_custom_character (lcd.o):
    main.o                    source/lcd.inc(6)
lcd_print_asciiz_ZP (lcd.o):
    main.o                    source/lcd.inc(7)
lcd_print_hex (lcd.o):
    main.o                    source/lcd.inc(9)
lcd_send_byte (lcd.o):
    main.o                    source/lcd.inc(8)
via_init (via.o):
    main.o                    source/via.inc(21)

