Modules list:
-------------
acia.o:
lcd.o:
    LCD_PAGEZERO      Offs=000000  Size=000002  Align=00001  Fill=0000
    LCD_CODE          Offs=000000  Size=0000FA  Align=00001  Fill=0000
main.o:
    CODE              Offs=000000  Size=0000B9  Align=00001  Fill=0000
    MAIN_RAM          Offs=000000  Size=000002  Align=00001  Fill=0000
reset_interrupt.o:
    VECTORS           Offs=000000  Size=000006  Align=00001  Fill=0000
spi.o:
    SPI_CODE          Offs=000000  Size=00003E  Align=00001  Fill=0000
util.o:
    UTIL_CODE         Offs=000000  Size=00003D  Align=00001  Fill=0000
via.o:
    VIA_CODE          Offs=000000  Size=00000A  Align=00001  Fill=0000
wozmon.o:
    WOZ_PAGEZERO      Offs=000000  Size=000008  Align=00001  Fill=0000
    WOZ_RAM           Offs=000000  Size=00007F  Align=00001  Fill=0000
    WOZ_CODE          Offs=000000  Size=0000FA  Align=00001  Fill=0000


Segment list:
-------------
Name                   Start     End    Size  Align
----------------------------------------------------
LCD_PAGEZERO          000000  000001  000002  00001
WOZ_PAGEZERO          000002  000009  000008  00001
MAIN_RAM              000300  000301  000002  00001
WOZ_RAM               000302  000380  00007F  00001
CODE                  008000  0080B8  0000B9  00001
VIA_CODE              0080B9  0080C2  00000A  00001
LCD_CODE              0080C3  0081BC  0000FA  00001
SPI_CODE              0081BD  0081FA  00003E  00001
WOZ_CODE              0081FB  0082F4  0000FA  00001
UTIL_CODE             0082F5  008331  00003D  00001
VECTORS               00FFFA  00FFFF  000006  00001


Exports list by name:
---------------------
ACIA_CMD                  000212 REA    ACIA_CTRL                 000213 REA    
ACIA_DATA                 000210 REA    ACIA_STATUS               000211 REA    
LCD_ADDR_ZP               000000 RLZ    VIA1_DDRB                 000202 REA    
VIA1_PORTA                000201 REA    VIA1_PORTB                000200 REA    
__ACIA1_START__           000210 RLA    __CODE_LOAD__             008000 RLA    
__VIA1_START__            000200 RLA    delay_ms_10               0082F5 RLA    
delay_ms_1000             008309 RLA    delay_ms_50               0082FA RLA    
lcd_init                  0080C3 RLA    lcd_instruction           0080F3 RLA    
lcd_load_custom_character 008144 RLA    lcd_print_hex             00811B RLA    
lcd_send_byte             008105 RLA    util_joinnibbles          008320 RLA    
via_init                  0080B9 RLA    


Exports list by value:
----------------------
LCD_ADDR_ZP               000000 RLZ    VIA1_PORTB                000200 REA    
__VIA1_START__            000200 RLA    VIA1_PORTA                000201 REA    
VIA1_DDRB                 000202 REA    ACIA_DATA                 000210 REA    
__ACIA1_START__           000210 RLA    ACIA_STATUS               000211 REA    
ACIA_CMD                  000212 REA    ACIA_CTRL                 000213 REA    
__CODE_LOAD__             008000 RLA    via_init                  0080B9 RLA    
lcd_init                  0080C3 RLA    lcd_instruction           0080F3 RLA    
lcd_send_byte             008105 RLA    lcd_print_hex             00811B RLA    
lcd_load_custom_character 008144 RLA    delay_ms_10               0082F5 RLA    
delay_ms_50               0082FA RLA    delay_ms_1000             008309 RLA    
util_joinnibbles          008320 RLA    


Imports list:
-------------
ACIA_CMD (acia.o):
    wozmon.o                  source/acia.inc(3)
ACIA_CTRL (acia.o):
    wozmon.o                  source/acia.inc(4)
ACIA_DATA (acia.o):
    wozmon.o                  source/acia.inc(1)
ACIA_STATUS (acia.o):
    wozmon.o                  source/acia.inc(2)
LCD_ADDR_ZP (lcd.o):
    main.o                    source/lcd.inc(11)
VIA1_DDRB (via.o):
    spi.o                     source/via.inc(4)
    lcd.o                     source/via.inc(4)
VIA1_PORTA (via.o):
    spi.o                     source/via.inc(7)
VIA1_PORTB (via.o):
    lcd.o                     source/via.inc(5)
__ACIA1_START__ ([linker generated]):
    acia.o                    source/acia.s(1)
__CODE_LOAD__ ([linker generated]):
    reset_interrupt.o         source/reset_interrupt.s(6)
__VIA1_START__ ([linker generated]):
    via.o                     source/via.s(7)
delay_ms_10 (util.o):
    lcd.o                     source/util.inc(5)
delay_ms_1000 (util.o):
    main.o                    source/util.inc(1)
delay_ms_50 (util.o):
    lcd.o                     source/util.inc(4)
lcd_init (lcd.o):
    main.o                    source/lcd.inc(5)
lcd_instruction (lcd.o):
    main.o                    source/lcd.inc(4)
lcd_load_custom_character (lcd.o):
    main.o                    source/lcd.inc(6)
lcd_print_hex (lcd.o):
    main.o                    source/lcd.inc(9)
lcd_send_byte (lcd.o):
    main.o                    source/lcd.inc(8)
util_joinnibbles (util.o):
    lcd.o                     source/util.inc(6)
via_init (via.o):
    main.o                    source/via.inc(21)

